{"data": {"candidate_count": 1, "has_sqcli": false, "home_name": "SQX_markers", "persisted": false}, "hypothesisId": "H2", "location": "native_runtime_config.py:resolve:discover_unique", "message": "unique discover persisted observed digest", "runId": "pre-fix", "sessionId": "388e96", "timestamp": 1788529035835}
{"data": {"has_sqcli": false, "home_name": "SQX_markers"}, "hypothesisId": "H5", "location": "native_runtime_config.py:resolve:discover_unique", "message": "discover accepted home", "runId": "pre-fix", "sessionId": "388e96", "timestamp": 1788529035836}
{"data": {"candidate_count": 0, "candidate_names": []}, "hypothesisId": "H3", "location": "native_runtime_config.py:resolve:discover_none", "message": "discover returned none", "runId": "pre-fix", "sessionId": "388e96", "timestamp": 1788529035838}
{"data": {"candidate_count": 2, "candidate_names": ["SQX_a", "SQX_b"]}, "hypothesisId": "H3", "location": "native_runtime_config.py:resolve:discover_none", "message": "discover returned none", "runId": "pre-fix", "sessionId": "388e96", "timestamp": 1788529035845}
{"data": {"candidate_count": 1, "has_sqcli": true, "home_name": "SQX_good", "persisted": true}, "hypothesisId": "H2", "location": "native_runtime_config.py:resolve:discover_unique", "message": "unique discover persisted observed digest", "runId": "pre-fix", "sessionId": "388e96", "timestamp": 1788529035848}
{"data": {"has_sqcli": true, "home_name": "SQX_good"}, "hypothesisId": "H5", "location": "native_runtime_config.py:resolve:discover_unique", "message": "discover accepted home", "runId": "pre-fix", "sessionId": "388e96", "timestamp": 1788529035849}
{"data": {"digest_match": false, "has_sqcli": false, "home_is_dir": false, "home_name": "gone", "verified": false, "verify_code": "runtime_not_configured"}, "hypothesisId": "H1", "location": "native_runtime_config.py:resolve:remembered", "message": "remembered pin returned without validity gate", "runId": "pre-fix", "sessionId": "388e96", "timestamp": 1788529035855}
{"data": {"config_exists": true, "has_digest": true, "home_name": "other"}, "hypothesisId": "H4", "location": "native_runtime_config.py:resolve:explicit", "message": "explicit override returned without persist", "runId": "pre-fix", "sessionId": "388e96", "timestamp": 1788529035858}
{"data": {"dropped": true, "home_name": "gone"}, "hypothesisId": "H1", "location": "native_runtime_config.py:resolve:remembered_dead", "message": "dead pin dropped", "runId": "pre-fix", "sessionId": "388e96", "timestamp": 1788529298055}
{"data": {"candidate_count": 1, "has_sqcli": true, "home_name": "SQX_live", "persisted": true}, "hypothesisId": "H2", "location": "native_runtime_config.py:resolve:discover_unique", "message": "unique complete install remembered", "runId": "pre-fix", "sessionId": "388e96", "timestamp": 1788529298059}
{"data": {"candidate_count": 0}, "hypothesisId": "H3", "location": "native_runtime_config.py:resolve:discover_zero", "message": "no complete install", "runId": "pre-fix", "sessionId": "388e96", "timestamp": 1788529298088}
{"data": {"candidate_count": 0}, "hypothesisId": "H5", "location": "native_runtime_config.py:resolve:discover_zero", "message": "markers-only rejected", "runId": "pre-fix", "sessionId": "388e96", "timestamp": 1788529298089}
{"data": {"candidate_count": 1, "has_sqcli": true, "home_name": "SQX_144", "persisted": true}, "hypothesisId": "H2", "location": "native_runtime_config.py:resolve:discover_unique", "message": "unique complete install remembered", "runId": "pre-fix", "sessionId": "388e96", "timestamp": 1788529298097}
{"data": {"candidate_count": 2, "candidate_names": ["SQX_one", "SQX_two"]}, "hypothesisId": "H3", "location": "native_runtime_config.py:resolve:discover_ambiguous", "message": "multiple complete installs", "runId": "pre-fix", "sessionId": "388e96", "timestamp": 1788529298113}
{"data": {"dropped": true, "home_name": "gone"}, "hypothesisId": "H1", "location": "native_runtime_config.py:resolve:remembered_dead", "message": "dead pin dropped", "runId": "pre-fix", "sessionId": "388e96", "timestamp": 1788529324912}
{"data": {"candidate_count": 1, "has_sqcli": true, "home_name": "SQX_live", "persisted": true}, "hypothesisId": "H2", "location": "native_runtime_config.py:resolve:discover_unique", "message": "unique complete install remembered", "runId": "pre-fix", "sessionId": "388e96", "timestamp": 1788529324915}
{"data": {"candidate_count": 0}, "hypothesisId": "H3", "location": "native_runtime_config.py:resolve:discover_zero", "message": "no complete install", "runId": "pre-fix", "sessionId": "388e96", "timestamp": 1788529324942}
{"data": {"candidate_count": 0}, "hypothesisId": "H5", "location": "native_runtime_config.py:resolve:discover_zero", "message": "markers-only rejected", "runId": "pre-fix", "sessionId": "388e96", "timestamp": 1788529324943}
{"data": {"candidate_count": 1, "has_sqcli": true, "home_name": "SQX_144", "persisted": true}, "hypothesisId": "H2", "location": "native_runtime_config.py:resolve:discover_unique", "message": "unique complete install remembered", "runId": "pre-fix", "sessionId": "388e96", "timestamp": 1788529324952}
{"data": {"digest_match": true, "home_name": "SQX_144"}, "hypothesisId": "H1", "location": "native_runtime_config.py:resolve:remembered_valid", "message": "valid pin reused", "runId": "pre-fix", "sessionId": "388e96", "timestamp": 1788529324957}
{"data": {"complete": true, "has_digest": true, "home_name": "other", "persisted": true}, "hypothesisId": "H4", "location": "native_runtime_config.py:resolve:explicit", "message": "explicit override", "runId": "pre-fix", "sessionId": "388e96", "timestamp": 1788529324963}
{"data": {"candidate_count": 2, "candidate_names": ["SQX_one", "SQX_two"]}, "hypothesisId": "H3", "location": "native_runtime_config.py:resolve:discover_ambiguous", "message": "multiple complete installs", "runId": "pre-fix", "sessionId": "388e96", "timestamp": 1788529324984}
{"data": {"candidate_count": 0}, "hypothesisId": "H3", "location": "native_runtime_config.py:resolve:discover_zero", "message": "no complete install", "runId": "post-fix", "sessionId": "388e96", "timestamp": 1788529357942}
{"data": {"candidate_count": 0}, "hypothesisId": "H5", "location": "native_runtime_config.py:resolve:discover_zero", "message": "markers-only rejected", "runId": "post-fix", "sessionId": "388e96", "timestamp": 1788529357942}
{"data": {"candidate_count": 0}, "hypothesisId": "H3", "location": "native_runtime_config.py:resolve:discover_zero", "message": "no complete install", "runId": "post-fix", "sessionId": "388e96", "timestamp": 1788529357943}
{"data": {"candidate_count": 0}, "hypothesisId": "H5", "location": "native_runtime_config.py:resolve:discover_zero", "message": "markers-only rejected", "runId": "post-fix", "sessionId": "388e96", "timestamp": 1788529357943}
{"data": {"candidate_count": 2, "candidate_names": ["SQX_a", "SQX_b"]}, "hypothesisId": "H3", "location": "native_runtime_config.py:resolve:discover_ambiguous", "message": "multiple complete installs", "runId": "post-fix", "sessionId": "388e96", "timestamp": 1788529357950}
{"data": {"candidate_count": 1, "has_sqcli": true, "home_name": "SQX_good", "persisted": true}, "hypothesisId": "H2", "location": "native_runtime_config.py:resolve:discover_unique", "message": "unique complete install remembered", "runId": "post-fix", "sessionId": "388e96", "timestamp": 1788529357952}
{"data": {"dropped": true, "home_name": "gone"}, "hypothesisId": "H1", "location": "native_runtime_config.py:resolve:remembered_dead", "message": "dead pin dropped", "runId": "post-fix", "sessionId": "388e96", "timestamp": 1788529357959}
{"data": {"candidate_count": 1, "has_sqcli": true, "home_name": "SQX_good", "persisted": true}, "hypothesisId": "H2", "location": "native_runtime_config.py:resolve:discover_unique", "message": "unique complete install remembered", "runId": "post-fix", "sessionId": "388e96", "timestamp": 1788529357961}
{"data": {"complete": true, "has_digest": true, "home_name": "other", "persisted": true}, "hypothesisId": "H4", "location": "native_runtime_config.py:resolve:explicit", "message": "explicit override", "runId": "post-fix", "sessionId": "388e96", "timestamp": 1788529357966}
{"data": {"candidate_count": 1, "has_sqcli": true, "home_name": "SQX_144_2953_win_20260601", "persisted": true}, "hypothesisId": "H2", "location": "native_runtime_config.py:resolve:discover_unique", "message": "unique complete install remembered", "runId": "post-fix", "sessionId": "388e96", "timestamp": 1788529358024}
{"data": {"candidate_count": 1, "has_sqcli": true, "home_name": "SQX_144_2953_win_20260601", "persisted": true}, "hypothesisId": "H2", "location": "native_runtime_config.py:resolve:discover_unique", "message": "unique complete install remembered", "runId": "post-fix-ui", "sessionId": "388e96", "timestamp": 1788529379905}
